---
source: crates/scribe-core/tests/fixtures.rs
expression: output
---
<div class="scribe-xn3jur-overlay">
  <style>
    .scribe-xn3jur-overlay { position: relative; display: inline-block; line-height: 0; color-scheme: light dark }
    .scribe-xn3jur-overlay img { display: block; max-width: 100% }
    .scribe-xn3jur-overlay span { position: absolute; color: transparent; white-space: pre; line-height: 1; transform-origin: center }
    .scribe-xn3jur-overlay span::selection { color: HighlightText; background: color-mix(in srgb, Highlight 35%, transparent) }
  </style>
  <img src="paragraph.png" width="480" height="280" alt="Reading Machines The quick brown fox jumps over the lazy dog, and does it again on the next line. Printed in 1996 at Leyden." />
  <span style="left: 33px; top: 29px; width: 118px; height: 35px; font-size: 35px"><span style="left: 0px; top: 0px; width: 21px; height: 35px">R</span><span style="left: 21px; top: 0px; width: 18px; height: 35px">e</span><span style="left: 39px; top: 0px; width: 26px; height: 35px">a</span><span style="left: 65px; top: 0px; width: 9px; height: 35px">d</span><span style="left: 74px; top: 0px; width: 9px; height: 35px">i</span><span style="left: 83px; top: 0px; width: 20px; height: 35px">n</span><span style="left: 103px; top: 0px; width: 15px; height: 35px">g</span></span>
  <span style="left: 162px; top: 31px; width: 134px; height: 25px; font-size: 25px"><span style="left: 0px; top: 0px; width: 26px; height: 25px">M</span><span style="left: 26px; top: 0px; width: 18px; height: 25px">a</span><span style="left: 44px; top: 0px; width: 15px; height: 25px">c</span><span style="left: 59px; top: 0px; width: 18px; height: 25px">h</span><span style="left: 77px; top: 0px; width: 8px; height: 25px">i</span><span style="left: 85px; top: 0px; width: 20px; height: 25px">n</span><span style="left: 105px; top: 0px; width: 18px; height: 25px">e</span><span style="left: 123px; top: 0px; width: 11px; height: 25px">s</span></span>
  <span style="left: 31px; top: 94px; width: 37px; height: 17px; font-size: 17px"><span style="left: 0px; top: 0px; width: 14px; height: 17px">T</span><span style="left: 14px; top: 0px; width: 13px; height: 17px">h</span><span style="left: 27px; top: 0px; width: 10px; height: 17px">e</span></span>
  <span style="left: 74.63px; top: 93.45px; width: 50.73px; height: 21.4px; font-size: 21.4px"><span style="left: 0.37px; top: -0.45px; width: 12px; height: 21px">q</span><span style="left: 12.37px; top: 0.55px; width: 11px; height: 20px">u</span><span style="left: 23.37px; top: 0.55px; width: 6px; height: 20px">i</span><span style="left: 29.37px; top: 0.55px; width: 10px; height: 21px">c</span><span style="left: 39.37px; top: 1.55px; width: 11px; height: 20px">k</span></span>
  <span style="left: 131px; top: 93px; width: 58px; height: 17px; font-size: 17px"><span style="left: 0px; top: 0px; width: 12px; height: 17px">b</span><span style="left: 12px; top: 0px; width: 8px; height: 17px">r</span><span style="left: 20px; top: 0px; width: 12px; height: 17px">o</span><span style="left: 32px; top: 0px; width: 14px; height: 17px">w</span><span style="left: 46px; top: 0px; width: 12px; height: 17px">n</span></span>
  <span style="left: 196px; top: 93px; width: 27px; height: 18px; font-size: 18px"><span style="left: 0px; top: 0px; width: 7px; height: 18px">f</span><span style="left: 7px; top: 0px; width: 10px; height: 18px">o</span><span style="left: 17px; top: 0px; width: 10px; height: 18px">x</span></span>
  <span style="left: 229px; top: 93px; width: 57px; height: 21px; font-size: 21px"><span style="left: 0px; top: 0px; width: 7px; height: 21px">j</span><span style="left: 7px; top: 0px; width: 12px; height: 21px">u</span><span style="left: 19px; top: 0px; width: 18px; height: 21px">m</span><span style="left: 37px; top: 0px; width: 12px; height: 21px">p</span><span style="left: 49px; top: 0px; width: 8px; height: 21px">s</span></span>
  <span style="left: 32px; top: 133px; width: 43px; height: 14px; font-size: 14px"><span style="left: 0px; top: 0px; width: 14px; height: 14px">o</span><span style="left: 14px; top: 0px; width: 10px; height: 14px">v</span><span style="left: 24px; top: 0px; width: 12px; height: 14px">e</span><span style="left: 36px; top: 0px; width: 7px; height: 14px">r</span></span>
  <span style="left: 81px; top: 129px; width: 31px; height: 18px; font-size: 18px"><span style="left: 0px; top: 0px; width: 8px; height: 17px">t</span><span style="left: 8px; top: 0px; width: 12px; height: 17px">h</span><span style="left: 20px; top: 1px; width: 11px; height: 17px">e</span></span>
  <span style="left: 118px; top: 129px; width: 38px; height: 20px; font-size: 20px"><span style="left: 0px; top: 0px; width: 7px; height: 18px">l</span><span style="left: 7px; top: 0px; width: 12px; height: 19px">a</span><span style="left: 19px; top: 1px; width: 9px; height: 19px">z</span><span style="left: 28px; top: 1px; width: 10px; height: 19px">y</span></span>
  <span style="left: 167px; top: 130px; width: 35px; height: 19px; font-size: 19px"><span style="left: 0px; top: 0px; width: 8px; height: 19px">d</span><span style="left: 8px; top: 0px; width: 11px; height: 19px">o</span><span style="left: 19px; top: 0px; width: 12px; height: 19px">g</span><span style="left: 31px; top: 0px; width: 4px; height: 19px">,</span></span>
  <span style="left: 210px; top: 129px; width: 34px; height: 18px; font-size: 18px"><span style="left: 0px; top: 1px; width: 12px; height: 17px">a</span><span style="left: 12px; top: 0px; width: 17px; height: 17px">n</span><span style="left: 29px; top: 0px; width: 5px; height: 16px">d</span></span>
  <span style="left: 257px; top: 130px; width: 38px; height: 17px; font-size: 17px"><span style="left: 0px; top: 0px; width: 7px; height: 17px">d</span><span style="left: 7px; top: 0px; width: 12px; height: 17px">o</span><span style="left: 19px; top: 0px; width: 12px; height: 17px">e</span><span style="left: 31px; top: 0px; width: 7px; height: 17px">s</span></span>
  <span style="left: 31px; top: 165px; width: 14px; height: 19px; font-size: 19px"><span style="left: 0px; top: 0px; width: 7px; height: 17px">i</span><span style="left: 7px; top: 1px; width: 7px; height: 18px">t</span></span>
  <span style="left: 51.67px; top: 164.43px; width: 52.66px; height: 23.3px; font-size: 23.3px"><span style="left: 0.33px; top: -0.43px; width: 11px; height: 23px">a</span><span style="left: 11.33px; top: 0.57px; width: 13px; height: 22px">g</span><span style="left: 24.33px; top: 0.57px; width: 11px; height: 22px">a</span><span style="left: 35.33px; top: 0.57px; width: 6px; height: 23px">i</span><span style="left: 41.33px; top: 1.57px; width: 11px; height: 22px">n</span></span>
  <span style="left: 110px; top: 167px; width: 22px; height: 16px; font-size: 16px"><span style="left: 0px; top: 1px; width: 13px; height: 15px">o</span><span style="left: 13px; top: 0px; width: 9px; height: 15px">n</span></span>
  <span style="left: 139.26px; top: 164.45px; width: 31.47px; height: 17.94px; font-size: 17.94px"><span style="left: 0.74px; top: 1.55px; width: 8px; height: 17px">t</span><span style="left: 8.74px; top: 0.55px; width: 12px; height: 17px">h</span><span style="left: 20.74px; top: -0.45px; width: 10px; height: 17px">e</span></span>
  <span style="left: 176px; top: 168px; width: 42px; height: 15px; font-size: 15px"><span style="left: 0px; top: 0px; width: 14px; height: 15px">n</span><span style="left: 14px; top: 0px; width: 11px; height: 15px">e</span><span style="left: 25px; top: 0px; width: 11px; height: 15px">x</span><span style="left: 36px; top: 0px; width: 6px; height: 15px">t</span></span>
  <span style="left: 225px; top: 166px; width: 38px; height: 17px; font-size: 17px"><span style="left: 0px; top: 0px; width: 4px; height: 17px">l</span><span style="left: 4px; top: 0px; width: 7px; height: 17px">i</span><span style="left: 11px; top: 0px; width: 12px; height: 17px">n</span><span style="left: 23px; top: 0px; width: 11px; height: 17px">e</span><span style="left: 34px; top: 0px; width: 4px; height: 17px">.</span></span>
  <span style="left: 31px; top: 229px; width: 44px; height: 12px; font-size: 12px"><span style="left: 0px; top: 0px; width: 9px; height: 12px">P</span><span style="left: 9px; top: 0px; width: 4px; height: 12px">r</span><span style="left: 13px; top: 0px; width: 4px; height: 12px">i</span><span style="left: 17px; top: 0px; width: 8px; height: 12px">n</span><span style="left: 25px; top: 0px; width: 4px; height: 12px">t</span><span style="left: 29px; top: 0px; width: 11px; height: 12px">e</span><span style="left: 40px; top: 0px; width: 4px; height: 12px">d</span></span>
  <span style="left: 78px; top: 228px; width: 12px; height: 13px; font-size: 13px"><span style="left: 0px; top: 0px; width: 5px; height: 12px">i</span><span style="left: 5px; top: 1px; width: 7px; height: 12px">n</span></span>
  <span style="left: 95px; top: 229px; width: 29px; height: 12px; font-size: 12px"><span style="left: 0px; top: 0px; width: 7px; height: 12px">1</span><span style="left: 7px; top: 0px; width: 8px; height: 12px">9</span><span style="left: 15px; top: 0px; width: 7px; height: 12px">9</span><span style="left: 22px; top: 0px; width: 7px; height: 12px">6</span></span>
  <span style="left: 128px; top: 230px; width: 12px; height: 11px; font-size: 11px"><span style="left: 0px; top: 0px; width: 8px; height: 11px">a</span><span style="left: 8px; top: 0px; width: 4px; height: 11px">t</span></span>
  <span style="left: 144px; top: 229px; width: 48px; height: 16px; font-size: 16px"><span style="left: 0px; top: 0px; width: 7px; height: 16px">L</span><span style="left: 7px; top: 0px; width: 7px; height: 16px">e</span><span style="left: 14px; top: 0px; width: 11px; height: 16px">y</span><span style="left: 25px; top: 0px; width: 4px; height: 16px">d</span><span style="left: 29px; top: 0px; width: 7px; height: 16px">e</span><span style="left: 36px; top: 0px; width: 8px; height: 16px">n</span><span style="left: 44px; top: 0px; width: 4px; height: 16px">.</span></span>
</div>
