---
source: crates/scribe-core/tests/fixtures.rs
expression: output
---
<?xml version="1.0" encoding="UTF-8"?>
<svg xmlns="http://www.w3.org/2000/svg" xmlns:xlink="http://www.w3.org/1999/xlink" class="scribe-root" width="420" height="320" viewBox="0 0 420 320" role="img" aria-label="Tilted line S 2 i">
  <style>
    .scribe-root { color-scheme: light dark; }
    .scribe-text { user-select: text; -webkit-user-select: text; white-space: pre; }
    .scribe-text::selection, .scribe-text ::selection { fill: HighlightText; background: color-mix(in srgb, Highlight 35%, transparent); }
  </style>
  <image href="rotated.png" width="420" height="320"/>
  <g class="scribe-text" font-family="sans-serif" fill="transparent">
    <text class="scribe-line" transform="rotate(13.84 109.14 96.94)"><tspan class="scribe-word" x="32.87" y="108.67" font-size="54.29" textLength="94.29" lengthAdjust="spacingAndGlyphs">Tilted</tspan> <tspan class="scribe-word" x="131.41" y="106.32" font-size="46.12" textLength="51.81" lengthAdjust="spacingAndGlyphs">line</tspan></text>
    <text class="scribe-line"><tspan class="scribe-word" x="368" y="170.8" font-size="37.14" textLength="24" lengthAdjust="spacingAndGlyphs">S</tspan></text>
    <text class="scribe-line"><tspan class="scribe-word" x="368" y="190" font-size="28.57" textLength="25" lengthAdjust="spacingAndGlyphs">2</tspan></text>
    <text class="scribe-line"><tspan class="scribe-word" x="362" y="267.8" font-size="130" textLength="25" lengthAdjust="spacingAndGlyphs">i</tspan></text>
  </g>
</svg>
