---
source: crates/scribe-core/tests/fixtures.rs
expression: output
---
<div class="scribe-overlay">
  <style>
    .scribe-overlay { position: relative; display: inline-block; line-height: 0; color-scheme: light dark }
    .scribe-overlay img { display: block; max-width: 100% }
    .scribe-overlay span { position: absolute; color: transparent; white-space: pre; line-height: 1; transform-origin: center }
    .scribe-overlay span::selection { color: HighlightText; background: color-mix(in srgb, Highlight 35%, transparent) }
  </style>
  <img src="rotated.png" width="420" height="320" alt="Tilted line S 2 i" />
  <span style="left: 33.63px; top: 71.29px; width: 94.29px; height: 38px; font-size: 38px"><span style="left: 4.37px; top: -5.29px; width: 22px; height: 31px">T</span><span style="left: 26.37px; top: -1.29px; width: 11px; height: 30px">i</span><span style="left: 37.37px; top: 1.71px; width: 8px; height: 29px">l</span><span style="left: 45.37px; top: 3.71px; width: 11px; height: 30px">t</span><span style="left: 56.37px; top: 6.71px; width: 22px; height: 33px">e</span><span style="left: 78.37px; top: 12.71px; width: 11px; height: 33px">d</span></span>
  <span style="left: 130.09px; top: 92.02px; width: 51.81px; height: 32.28px; font-size: 32.28px"><span style="left: 0.91px; top: -1.02px; width: 7px; height: 30px">l</span><span style="left: 7.91px; top: -0.02px; width: 12px; height: 30px">i</span><span style="left: 19.91px; top: 0.98px; width: 18px; height: 31px">n</span><span style="left: 37.91px; top: 2.98px; width: 13px; height: 30px">e</span></span>
  <span style="left: 368px; top: 150px; width: 24px; height: 26px; font-size: 26px"><span style="left: 0px; top: 0px; width: 24px; height: 26px">S</span></span>
  <span style="left: 368px; top: 174px; width: 25px; height: 20px; font-size: 20px"><span style="left: 0px; top: 0px; width: 25px; height: 20px">2</span></span>
  <span style="left: 362px; top: 195px; width: 25px; height: 91px; font-size: 91px"><span style="left: 0px; top: 0px; width: 25px; height: 91px">i</span></span>
</div>
