---
source: crates/scribe-core/tests/svg.rs
expression: "linked(&Layout::empty(SIZE.0, SIZE.1), Options::new())"
---
<?xml version="1.0" encoding="UTF-8"?>
<svg xmlns="http://www.w3.org/2000/svg" xmlns:xlink="http://www.w3.org/1999/xlink" class="scribe-root" width="284" height="96" viewBox="0 0 284 96" role="img">
  <style>
    .scribe-root { color-scheme: light dark; }
    .scribe-text { user-select: text; -webkit-user-select: text; white-space: pre; }
    .scribe-text::selection, .scribe-text ::selection { fill: HighlightText; background: color-mix(in srgb, Highlight 35%, transparent); }
  </style>
  <image href="hello.png" width="284" height="96"/>
  <g class="scribe-text" font-family="sans-serif" fill="transparent"/>
</svg>
